
> build
> next build

node.exe : [baseline-browser-mapping] The 
data in this module is over two months old.  
To ensure accurate Baseline data, please 
update: `npm i 
baseline-browser-mapping@latest -D`
At line:1 char:1
+ & "C:\Program Files\nodejs/node.exe" 
"C:\Program Files\nodejs/node_mo ...
+ ~~~~~~~~~~~~~~~~~~~~~~~~~~~~~~~~~~~~~~~~~~~~
~~~~~~~~~~~~~~~~~~~~~~~~~
    + CategoryInfo          : NotSpecified: ( 
   [baseline-brows...ping@latest -D`:String)  
   [], RemoteException
    + FullyQualifiedErrorId : NativeCommandEr 
   ror
 
   Γû▓ Next.js 16.0.1 (Turbopack)
   - Environments: .env.local

 ΓÜá The "middleware" file convention is 
deprecated. Please use "proxy" instead. Learn 
more: https://nextjs.org/docs/messages/middlew
are-to-proxy
   Creating an optimized production build ...
[baseline-browser-mapping] The data in this 
module is over two months old.  To ensure 
accurate Baseline data, please update: `npm i 
baseline-browser-mapping@latest -D`
 Γ£ô Compiled successfully in 23.3s
   Running TypeScript ...
Failed to compile.

./app/api/invoices/[id]/download/route.ts:89:4
7
Type error: Property 'student_id' does not 
exist on type '{ student_id: any; profiles: { 
first_name: any; last_name: any; }[]; 
classes: { name: any; }[]; }[]'.

[0m [90m 87 |[39m             
status[33m:[39m 
invoice[33m.[39mstatus[33m,[39m
 [90m 88 |[39m             
student[33m:[39m {
[31m[1m>[22m[39m[90m 89 |[39m           
      student_id[33m:[39m invoice[33m.[39m
students[33m?[39m[33m.[39mstudent_id 
[33m||[39m [32m''[39m[33m,[39m
 [90m    |[39m                              
                 [31m[1m^[22m[39m
 [90m 90 |[39m                 
full_name[33m:[39m invoice[33m.[39mstudent
s[33m?[39m[33m.[39mprofiles [33m?[39m 
[32m`${invoice.students.profiles.first_name} 
${invoice.students.profiles.last_name}`[39m 
[33m:[39m [32m'Unknown'[39m[33m,[39m
 [90m 91 |[39m                 
class_name[33m:[39m invoice[33m.[39mstuden
ts[33m?[39m[33m.[39mclasses[33m?[39m[33
m.[39mname [33m||[39m 
[32m'Unknown'[39m[33m,[39m
 [90m 92 |[39m             }[33m,[39m[0m
Next.js build worker exited with code: 1 and 
signal: null
