components/dashboard/student-subjects-manager.tsx(13,23): error TS2307: Cannot find module 'sonner' or its corresponding type declarations.
